
Memory Configuration

Name             Origin             Length             Attributes
*default*        0x0000000000000000 0xffffffffffffffff

Linker script and memory map

                0x0000000000000000                . = 0x0

.text           0x0000000000000000       0xd0
 *(vector_start)
 *(.text .rodata)
 .text          0x0000000000000000       0xd0 build/Entry.os
                0x0000000000000000                vector_start
                0x000000000000003c                vector_end

.glue_7         0x00000000000000d0        0x0
 .glue_7        0x00000000000000d0        0x0 linker stubs

.glue_7t        0x00000000000000d0        0x0
 .glue_7t       0x00000000000000d0        0x0 linker stubs

.vfp11_veneer   0x00000000000000d0        0x0
 .vfp11_veneer  0x00000000000000d0        0x0 linker stubs

.v4_bx          0x00000000000000d0        0x0
 .v4_bx         0x00000000000000d0        0x0 linker stubs

.iplt           0x00000000000000d0        0x0
 .iplt          0x00000000000000d0        0x0 build/Entry.os

.rel.dyn        0x00000000000000d0        0x0
 .rel.iplt      0x00000000000000d0        0x0 build/Entry.os

.data           0x00000000000000d0        0x0
 *(.data)
 .data          0x00000000000000d0        0x0 build/Entry.os

.igot.plt       0x00000000000000d0        0x0
 .igot.plt      0x00000000000000d0        0x0 build/Entry.os

.bss            0x00000000000000d0        0x0
 *(.bss)
 .bss           0x00000000000000d0        0x0 build/Entry.os
LOAD build/Entry.os
OUTPUT(build/navilos.axf elf32-littlearm)
LOAD linker stubs

.ARM.attributes
                0x0000000000000000       0x1d
 .ARM.attributes
                0x0000000000000000       0x1d build/Entry.os

.debug_line     0x0000000000000000       0x6c
 .debug_line    0x0000000000000000       0x6c build/Entry.os

.debug_info     0x0000000000000000       0x26
 .debug_info    0x0000000000000000       0x26 build/Entry.os

.debug_abbrev   0x0000000000000000       0x14
 .debug_abbrev  0x0000000000000000       0x14 build/Entry.os

.debug_aranges  0x0000000000000000       0x20
 .debug_aranges
                0x0000000000000000       0x20 build/Entry.os

.debug_str      0x0000000000000000       0x33
 .debug_str     0x0000000000000000       0x33 build/Entry.os
